---
source: compiler-core/src_refactored/__generate/docs/tests.rs
assertion_line: 1003
expression: output
snapshot_kind: text
---
---- SOURCE CODE
-- main.gleam

pub fn wibble(_a: b, _b: a, _c, _d) {
  todo
}


---- VALUES

--- wibble
<pre><code>pub fn wibble(a: b, b: a, c: c, d: d) -> e</code></pre>
