---
source: compiler-core/src_refactored/__generate/docs/tests.rs
assertion_line: 1229
expression: output
snapshot_kind: text
---
---- SOURCE CODE
-- main.gleam

pub fn aaaaaaaaaaaaaaaaaaaaaaaaaaaa() -> aaaaaaaaaaaaaaaaaaaaaaaaaaaaaaaaaa {
  todo
}


---- VALUES

--- aaaaaaaaaaaaaaaaaaaaaaaaaaaa
<pre><code>pub fn aaaaaaaaaaaaaaaaaaaaaaaaaaaa() -> aaaaaaaaaaaaaaaaaaaaaaaaaaaaaaaaaa</code></pre>
