---
source: compiler-core/src_refactored/__generate/javascript/tests/externals.rs
assertion_line: 249
expression: "\n@external(javascript, \"\", \"one\")\npub fn one(x: Int) -> Int {\n  1\n}\n"
snapshot_kind: text
---
----- SOURCE CODE

@external(javascript, "", "one")
pub fn one(x: Int) -> Int {
  1
}


----- ERROR
error: Invalid JavaScript module
  ┌─ /src/one/two.gleam:3:1
  │
3 │ pub fn one(x: Int) -> Int {
  │ ^^^^^^^^^^^^^^^^^^^^^^^^^

The function `one` has an external JavaScript implementation but the module
path `` is not valid.
