---
source: compiler-core/src_refactored/__core/type_/tests/warnings.rs
assertion_line: 1366
expression: "\npub fn main() {\n  fn(n) { n + 1 }\n  1\n}\n"
snapshot_kind: text
---
----- SOURCE CODE

pub fn main() {
  fn(n) { n + 1 }
  1
}


----- WARNING
warning: Unused value
  ┌─ /src/warning/wrn.gleam:3:3
  │
3 │   fn(n) { n + 1 }
  │   ^^^^^^^^^^^^^^^ This value is never used

This expression computes a value without any side effects, but then the
value isn't used at all. You might want to assign it to a variable, or
delete the expression entirely if it's not needed.
