---
source: compiler-core/src_refactored/__core/type_/tests/assert.rs
assertion_line: 65
expression: "\npub fn main() {\n  assert !False\n}\n"
snapshot_kind: text
---
----- SOURCE CODE

pub fn main() {
  assert !False
}


----- WARNING
warning: Assertion of a literal value
  ┌─ /src/warning/wrn.gleam:3:10
  │
3 │   assert !False
  │          ^^^^^^

Asserting on a literal bool is redundant since you can already tell whether
it will be `True` or `False`.
