---
source: compiler-core/src_refactored/__core/type_/tests/errors.rs
assertion_line: 326
expression: "const first = list.at([1], 0)"
snapshot_kind: text
---
----- SOURCE CODE
const first = list.at([1], 0)

----- ERROR
error: Syntax error
  ┌─ /src/one/two.gleam:1:15
  │
1 │ const first = list.at([1], 0)
  │               ^^^^^^^^ Functions can only be called within other functions
