---
source: compiler-core/src_refactored/__core/type_/tests/warnings.rs
assertion_line: 2907
expression: "\n@target(js)\npub fn wibble() { panic }\n"
snapshot_kind: text
---
----- SOURCE CODE

@target(js)
pub fn wibble() { panic }


----- WARNING
warning: Deprecated target shorthand syntax
  ┌─ test/path:2:9
  │
2 │ @target(js)
  │         ^^ This should be replaced with `javascript`

This shorthand target name is deprecated. Use the full name: `javascript`
instead.
