---
source: compiler-core/src_refactored/__core/type_/tests/errors.rs
assertion_line: 2892
expression: "echo 11 as { True || False }"
snapshot_kind: text
---
----- SOURCE CODE
echo 11 as { True || False }

----- ERROR
error: Type mismatch
  ┌─ /src/one/two.gleam:1:12
  │
1 │ echo 11 as { True || False }
  │            ^^^^^^^^^^^^^^^^^

Expected type:

    String

Found type:

    Bool
